TAP version 13
# MPICH test suite results (TAP format)
# date 2017-07-26-18-53
ok 1 - ./parastation/mprobe 2
ok 2 - ./parastation/locknull 2
ok 3 - ./parastation/get-acc-loc 4
ok 4 - ./parastation/win_sync_err_flush 2
ok 5 - ./parastation/win_sync_err_flushall 2
ok 6 - ./parastation/win_sync_err_lockall_pt 2
ok 7 - ./parastation/win_sync_err_lockall_at 2
ok 8 - ./parastation/win_sync_err_unlockall 2
ok 9 - ./parastation/win_sync_err_reqops 2
ok 10 - ./parastation/win_flavor_err_shm 2
ok 11 - ./parastation/win_flavor_err_dyn 2
ok 12 - ./parastation/win_shm_multiple 4
ok 13 - ./parastation/win_shm_large 2
ok 14 - ./parastation/spawn_isend 2
ok 15 - ./parastation/spawn_ssend 2
ok 16 - ./parastation/spawn_anysrc 2
ok 17 - ./parastation/spawn_rma 2
ok 18 - ./parastation/spawn_universe 2
ok 19 - ./parastation/spawn_univ_comm 2
ok 20 - ./parastation/spawn_univ_anysrc 2
ok 21 - ./parastation/intercomm_anysrc 4
ok 22 - ./parastation/large_msg_typed 2
ok 23 - ./parastation/num_contexts_2k 1
ok 24 - ./parastation/num_contexts_4k 1
ok 25 - ./parastation/num_contexts_8k 1
ok 26 - ./parastation/num_contexts_16k 1
ok 27 - ./parastation/acc-pairtype 2
ok 28 - ./parastation/acc-vecsum 2
ok 29 - ./parastation/get-acc-pairtype 2
ok 30 - ./parastation/get-acc-shm-pairtype 2
ok 31 - ./parastation/putfence1 2
ok 32 - ./parastation/getfence1 2
ok 33 - ./parastation/large-acc-flush_local 3
ok 34 - ./attr/attrt 2
ok 35 - ./attr/attric 4
ok 36 - ./attr/attrerr 1
ok 37 - ./attr/attrend 1
ok 38 - ./attr/attrend 4
ok 39 - ./attr/attrend2 1
ok 40 - ./attr/attrend2 5
ok 41 - ./attr/attrerrcomm 1
ok 42 - ./attr/attrerrtype 1
ok 43 - ./attr/attrdeleteget 1
ok 44 - ./attr/attr2type 1
ok 45 - ./attr/attrorder 1
ok 46 - ./attr/attrordercomm 1
ok 47 - ./attr/attrordertype 1
ok 48 - ./attr/baseattr2 1
ok 49 - ./attr/baseattrcomm 1
ok 50 - ./attr/fkeyval 1
ok 51 - ./attr/fkeyvalcomm 1
ok 52 - ./attr/fkeyvaltype 1
ok 53 - ./attr/keyval_double_free 1
ok 54 - ./attr/keyval_double_free_comm 1
ok 55 - ./attr/keyval_double_free_type 1
ok 56 - ./attr/keyval_double_free_win 1
ok 57 - ./coll/allred 4
ok 58 - ./coll/allred 7
ok 59 - ./coll/allred 4
ok 60 - ./coll/allredmany 4
ok 61 - ./coll/allred2 4
ok 62 - ./coll/allred3 10
ok 63 - ./coll/allred4 4
ok 64 - ./coll/allred5 5
ok 65 - ./coll/allred5 10
ok 66 - ./coll/allred6 4
ok 67 - ./coll/allred6 7
ok 68 - ./coll/reduce 5
ok 69 - ./coll/reduce 10
ok 70 - ./coll/reduce_local 2
ok 71 - ./coll/op_commutative 2
ok 72 - ./coll/red3 10
ok 73 - ./coll/red4 10
ok 74 - ./coll/alltoall1 8
ok 75 - ./coll/alltoallv 10
ok 76 - ./coll/alltoallv0 10
ok 77 - ./coll/alltoallw1 10
ok 78 - ./coll/alltoallw2 10
ok 79 - ./coll/alltoallw_zeros 1
ok 80 - ./coll/alltoallw_zeros 2
ok 81 - ./coll/alltoallw_zeros 5
ok 82 - ./coll/alltoallw_zeros 8
ok 83 - ./coll/allgather2 10
ok 84 - ./coll/allgather3 10
ok 85 - ./coll/allgatherv2 10
ok 86 - ./coll/allgatherv3 10
ok 87 - ./coll/allgatherv4 4
ok 88 - ./coll/allgather_struct 10
ok 89 - ./coll/bcasttest 4
ok 90 - ./coll/bcasttest 8
ok 91 - ./coll/bcasttest 10
ok 92 - ./coll/bcast_full 4
ok 93 - ./coll/bcast_min_datatypes 10
ok 94 - ./coll/bcast_comm_world 10
ok 95 - ./coll/bcastzerotype 1
ok 96 - ./coll/bcastzerotype 4
ok 97 - ./coll/bcastzerotype 5
ok 98 - ./coll/bcastzerotype 10
ok 99 - ./coll/coll2 5
ok 100 - ./coll/coll3 5
ok 101 - ./coll/coll4 4
ok 102 - ./coll/coll5 4
ok 103 - ./coll/coll6 5
ok 104 - ./coll/coll7 1
ok 105 - ./coll/coll7 2
ok 106 - ./coll/coll7 5
ok 107 - ./coll/coll8 4
ok 108 - ./coll/coll9 4
ok 109 - ./coll/coll10 4
ok 110 - ./coll/coll11 4
ok 111 - ./coll/coll12 4
ok 112 - ./coll/coll13 4
ok 113 - ./coll/longuser 4
ok 114 - ./coll/redscat 4
ok 115 - ./coll/redscat 6
ok 116 - ./coll/redscat2 4
ok 117 - ./coll/redscat2 5
ok 118 - ./coll/redscat2 10
ok 119 - ./coll/redscat3 8
ok 120 - ./coll/redscatinter 8
ok 121 - ./coll/red_scat_block 4
ok 122 - ./coll/red_scat_block 5
ok 123 - ./coll/red_scat_block 8
ok 124 - ./coll/red_scat_block2 4
ok 125 - ./coll/red_scat_block2 5
ok 126 - ./coll/red_scat_block2 10
ok 127 - ./coll/redscatblk3 8
ok 128 - ./coll/redscatblk3 10
ok 129 - ./coll/redscatbkinter 8
ok 130 - ./coll/redscatbkinter 10
ok 131 - ./coll/scantst 4
ok 132 - ./coll/exscan 10
ok 133 - ./coll/exscan2 5
ok 134 - ./coll/gather 4
ok 135 - ./coll/gather2 4
ok 136 - ./coll/scattern 4
ok 137 - ./coll/scatter2 4
ok 138 - ./coll/scatter3 4
ok 139 - ./coll/scatterv 4
ok 140 - ./coll/icbcast 4
ok 141 - ./coll/icbcast 10
ok 142 - ./coll/icallreduce 5
ok 143 - ./coll/icallreduce 7
ok 144 - ./coll/icreduce 5
ok 145 - ./coll/icreduce 7
ok 146 - ./coll/icscatter 5
ok 147 - ./coll/icscatter 7
ok 148 - ./coll/icgather 5
ok 149 - ./coll/icgather 7
ok 150 - ./coll/icallgather 5
ok 151 - ./coll/icallgather 7
ok 152 - ./coll/icbarrier 5
ok 153 - ./coll/icbarrier 7
ok 154 - ./coll/icallgatherv 5
ok 155 - ./coll/icallgatherv 7
ok 156 - ./coll/icgatherv 5
ok 157 - ./coll/icgatherv 7
ok 158 - ./coll/icscatterv 5
ok 159 - ./coll/icscatterv 7
ok 160 - ./coll/icalltoall 5
ok 161 - ./coll/icalltoall 7
ok 162 - ./coll/icalltoallv 5
ok 163 - ./coll/icalltoallv 7
ok 164 - ./coll/icalltoallw 5
ok 165 - ./coll/icalltoallw 7
ok 166 - ./coll/opland 4
ok 167 - ./coll/oplor 4
ok 168 - ./coll/oplxor 4
ok 169 - ./coll/oplxor 5
ok 170 - ./coll/opband 4
ok 171 - ./coll/opbor 4
ok 172 - ./coll/opbxor 4
ok 173 - ./coll/opbxor 5
ok 174 - ./coll/opprod 5
ok 175 - ./coll/opprod 6
ok 176 - ./coll/opsum 4
ok 177 - ./coll/opmin 4
ok 178 - ./coll/opminloc 4
ok 179 - ./coll/opmax 5
ok 180 - ./coll/opmaxloc 5
ok 181 - ./coll/uoplong 4
ok 182 - ./coll/uoplong 11
ok 183 - ./coll/uoplong 16
ok 184 - ./coll/nonblocking 4
ok 185 - ./coll/nonblocking 5
ok 186 - ./coll/nonblocking 10
ok 187 - ./coll/nonblocking2 1
ok 188 - ./coll/nonblocking2 4
ok 189 - ./coll/nonblocking2 5
ok 190 - ./coll/nonblocking2 10
ok 191 - ./coll/nonblocking3 1
ok 192 - ./coll/nonblocking3 4
ok 193 - ./coll/nonblocking3 5
ok 194 - ./coll/nonblocking3 10
ok 195 - ./coll/iallred 2
ok 196 - ./coll/ibarrier 2
ok 197 - ./coll/nballtoall1 8
ok 198 - ./coll/nbcoll2 5
ok 199 - ./coll/nbredscat 4
ok 200 - ./coll/nbredscat 8
ok 201 - ./coll/nbredscat3 8
ok 202 - ./coll/nbredscatinter 8
ok 203 - ./coll/nbicbcast 8
ok 204 - ./coll/nbicallreduce 8
ok 205 - ./coll/nbicreduce 8
ok 206 - ./coll/nbicscatter 8
ok 207 - ./coll/nbicgather 8
ok 208 - ./coll/nbicallgather 8
ok 209 - ./coll/nbicbarrier 8
ok 210 - ./coll/nbicallgatherv 8
ok 211 - ./coll/nbicgatherv 8
ok 212 - ./coll/nbicscatterv 8
ok 213 - ./coll/nbicalltoall 8
ok 214 - ./coll/nbicalltoallv 8
ok 215 - ./coll/nbicalltoallw 8
ok 216 - ./comm/dup 2
ok 217 - ./comm/dupic 4
ok 218 - ./comm/commcreate1 8
ok 219 - ./comm/commname 4
ok 220 - ./comm/ic1 4
ok 221 - ./comm/ic2 33
ok 222 - ./comm/icgroup 8
ok 223 - ./comm/icm 8
ok 224 - ./comm/icsplit 8
ok 225 - ./comm/iccreate 8
ok 226 - ./comm/ctxalloc 2
ok 227 - ./comm/ctxsplit 4
ok 228 - ./comm/cmfree 4
ok 229 - ./comm/cmsplit 4
ok 230 - ./comm/cmsplit2 12
ok 231 - ./comm/probe-intercomm 2
ok 232 - ./comm/cmsplit_type 4
ok 233 - ./comm/comm_create_group 4
ok 234 - ./comm/comm_create_group 8
ok 235 - ./comm/comm_group_half 2
ok 236 - ./comm/comm_group_half 4
ok 237 - ./comm/comm_group_half 8
ok 238 - ./comm/comm_group_rand 2
ok 239 - ./comm/comm_group_rand 4
ok 240 - ./comm/comm_group_rand 8
ok 241 - ./comm/comm_idup 2
ok 242 - ./comm/comm_idup 4
ok 243 - ./comm/comm_idup 9
ok 244 - ./comm/comm_idup_mul 2
ok 245 - ./comm/comm_idup_overlap 2
ok 246 - ./comm/comm_idup_iallreduce 6
ok 247 - ./comm/comm_idup_nb 6
ok 248 - ./comm/comm_idup_isend 6
ok 249 - ./comm/comm_idup_comm 6
ok 250 - ./comm/comm_idup_comm2 6
ok 251 - ./comm/dup_with_info 2
ok 252 - ./comm/dup_with_info 4
ok 253 - ./comm/dup_with_info 9
ok 254 - ./comm/comm_info 6
ok 255 - ./comm/comm_create_group_idup 4
ok 256 - ./datatype/contents 1
ok 257 - ./datatype/gaddress 1
ok 258 - ./datatype/lbub 1
ok 259 - ./datatype/localpack 1
ok 260 - ./datatype/simple-pack 1
ok 261 - ./datatype/simple-pack-external 1
ok 262 - ./datatype/transpose-pack 1
ok 263 - ./datatype/slice-pack 1
ok 264 - ./datatype/struct-pack 1
ok 265 - ./datatype/structpack2 1
ok 266 - ./datatype/typecommit 1
ok 267 - ./datatype/typename 1
ok 268 - ./datatype/typefree 1
ok 269 - ./datatype/zeroparms 1
ok 270 - ./datatype/getpartelm 2
ok 271 - ./datatype/tresized 2
ok 272 - ./datatype/tresized2 2
ok 273 - ./datatype/sendrecvt2 2
ok 274 - ./datatype/sendrecvt4 2
ok 275 - ./datatype/tmatchsize 1
ok 276 - ./datatype/tfree 2
ok 277 - ./datatype/typelb 1
ok 278 - ./datatype/contigstruct 1
ok 279 - ./datatype/struct-zero-count 1
ok 280 - ./datatype/blockindexed-zero-count 1
ok 281 - ./datatype/blockindexed-misc 1
ok 282 - ./datatype/indexed-misc 1
ok 283 - ./datatype/subarray-pack 1
ok 284 - ./datatype/subarray 2
ok 285 - ./datatype/darray-pack 1
ok 286 - ./datatype/darray-pack 9
ok 287 - ./datatype/darray-cyclic 12
ok 288 - ./datatype/pairtype-size-extent 1
ok 289 - ./datatype/simple-commit 1
ok 290 - ./datatype/simple-size-extent 1
ok 291 - ./datatype/struct-no-real-types 1
ok 292 - ./datatype/struct-empty-el 1
ok 293 - ./datatype/contig-zero-count 1
ok 294 - ./datatype/simple-resized 1
ok 295 - ./datatype/unusual-noncontigs 1
ok 296 - ./datatype/hindexed-zeros 1
ok 297 - ./datatype/lots-of-types 1
ok 298 - ./datatype/get-elements-pairtype 1
ok 299 - ./datatype/unpack 1
ok 300 - ./datatype/struct-ezhov 1
ok 301 - ./datatype/zeroblks 1
ok 302 - ./datatype/struct-derived-zeros 1
ok 303 - ./datatype/struct-verydeep 1
ok 304 - ./datatype/get-elements 1
ok 305 - ./datatype/hindexed_block 1
ok 306 - ./datatype/hindexed_block_contents 1
ok 307 - ./datatype/vecblklen 1
ok 308 - ./datatype/hvecblklen 1
ok 309 - ./datatype/longdouble 1
ok 310 - ./datatype/dataalign 2
ok 311 - ./datatype/cxx-types 1
ok 312 - ./errhan/adderr 1
ok 313 - ./errhan/commcall 2
ok 314 - ./errhan/errfatal 1
ok 315 - ./errhan/predef_eh 1
ok 316 - ./errhan/predef_eh 2
ok 317 - ./errhan/errstring2 1
ok 318 - ./errhan/dynamic_errcode_predefined_errclass 1
ok 319 - ./group/groupcreate 4
ok 320 - ./group/grouptest 8
ok 321 - ./group/grouptest2 4
ok 322 - ./group/groupnullincl 4
ok 323 - ./group/gtranks 8
ok 324 - ./group/gtranksperf 20
ok 325 - ./info/infodup 1
ok 326 - ./info/infodel 1
ok 327 - ./info/infovallen 1
ok 328 - ./info/infoorder 1
ok 329 - ./info/infomany 1
ok 330 - ./info/infomany2 1
ok 331 - ./info/infotest 1
ok 332 - ./info/infoget 1
ok 333 - ./info/infoenv 1
ok 334 - ./init/exitst1 2
ok 335 - ./init/exitst2 4
ok 336 - ./init/initstat 1
ok 337 - ./init/timeout 2
ok 338 - ./init/version 1
ok 339 - ./init/finalized 1
ok 340 - ./init/attrself 1
ok 341 - ./init/library_version 1
ok 342 - ./mpi_t/mpi_t_str 1
ok 343 - ./mpi_t/mpit_vars 1
ok 344 - ./mpi_t/cvarwrite 1
ok 345 - ./mpi_t/getindex 1
ok 346 - ./pt2pt/sendrecv1 4
ok 347 - ./pt2pt/sendrecv2 2
ok 348 - ./pt2pt/sendrecv3 2
ok 349 - ./pt2pt/sendflood 8
ok 350 - ./pt2pt/sendself 1
ok 351 - ./pt2pt/sendall 4
ok 352 - ./pt2pt/anyall 2
ok 353 - ./pt2pt/eagerdt 2
ok 354 - ./pt2pt/pingping 2
ok 355 - ./pt2pt/bottom 2
ok 356 - ./pt2pt/bsend1 1
ok 357 - ./pt2pt/bsend2 1
ok 358 - ./pt2pt/bsend3 1
ok 359 - ./pt2pt/bsend4 1
ok 360 - ./pt2pt/bsend5 4
ok 361 - ./pt2pt/bsendalign 2
ok 362 - ./pt2pt/bsendpending 2
ok 363 - ./pt2pt/isendself 1
ok 364 - ./pt2pt/issendselfcancel 1
ok 365 - ./pt2pt/isendirecv 10
ok 366 - ./pt2pt/bsendfrag 2
ok 367 - ./pt2pt/icsend 4
ok 368 - ./pt2pt/rqstatus 2
ok 369 - ./pt2pt/rqfreeb 4
ok 370 - ./pt2pt/greq1 1
ok 371 - ./pt2pt/probe-unexp 4
ok 372 - ./pt2pt/probenull 1
ok 373 - ./pt2pt/scancel 2  # SKIP xfail tests disabled
ok 373 - ./pt2pt/scancel2 2
ok 375 - ./pt2pt/pscancel 2  # SKIP xfail tests disabled
ok 374 - ./pt2pt/rcancel 2
ok 377 - ./pt2pt/cancelrecv 2  # SKIP xfail tests disabled
ok 378 - ./pt2pt/scancel_unmatch 2  # SKIP xfail tests disabled
ok 375 - ./pt2pt/cancelanysrc 2
ok 376 - ./pt2pt/isendselfprobe 1
ok 377 - ./pt2pt/inactivereq 1
ok 378 - ./pt2pt/waittestnull 1
ok 379 - ./pt2pt/waitany-null 1
ok 380 - ./pt2pt/mprobe 2
ok 381 - ./pt2pt/big_count_status 1
ok 382 - ./rma/winname 2
ok 383 - ./rma/allocmem 2
ok 384 - ./rma/putfidx 4
ok 385 - ./rma/accfence1 4
ok 386 - ./rma/adlb_mimic1 3
ok 387 - ./rma/accfence2 4
ok 388 - ./rma/putpscw1 4
ok 389 - ./rma/accpscw1 4
ok 390 - ./rma/getgroup 4
ok 391 - ./rma/transpose1 2
ok 392 - ./rma/transpose2 2
ok 393 - ./rma/transpose3 2
ok 394 - ./rma/transpose3_shm 2
ok 395 - ./rma/transpose5 2
ok 396 - ./rma/transpose6 1
ok 397 - ./rma/transpose7 2
ok 398 - ./rma/test1 2
ok 399 - ./rma/test2 2
ok 400 - ./rma/test2_shm 2
ok 401 - ./rma/test3 2
ok 402 - ./rma/test3_shm 2
ok 403 - ./rma/test4 2
ok 404 - ./rma/test5 2
ok 405 - ./rma/lockcontention 3
ok 406 - ./rma/lockcontention2 4
ok 407 - ./rma/lockcontention2 8
ok 408 - ./rma/lockcontention3 8
ok 409 - ./rma/lockopts 2
ok 410 - ./rma/lock_dt 2
ok 411 - ./rma/lock_dt_flush 2
ok 412 - ./rma/lock_dt_flushlocal 2
ok 413 - ./rma/lockall_dt 4
ok 414 - ./rma/lockall_dt_flush 4
ok 415 - ./rma/lockall_dt_flushall 4
ok 416 - ./rma/lockall_dt_flushlocal 4
ok 417 - ./rma/lockall_dt_flushlocalall 4
ok 418 - ./rma/lock_contention_dt 4
ok 419 - ./rma/transpose4 2
ok 420 - ./rma/fetchandadd 7
ok 421 - ./rma/fetchandadd_tree 7
ok 422 - ./rma/wintest 2
ok 423 - ./rma/wintest_shm 2
ok 424 - ./rma/contig_displ 1
ok 425 - ./rma/test1_am 2
ok 426 - ./rma/test2_am 2
ok 427 - ./rma/test2_am_shm 2
ok 428 - ./rma/test3_am 2
ok 429 - ./rma/test3_am_shm 2
ok 430 - ./rma/test4_am 2
ok 431 - ./rma/test5_am 2
ok 432 - ./rma/fetchandadd_am 7
ok 433 - ./rma/fetchandadd_tree_am 7
ok 434 - ./rma/accfence2_am 4
ok 435 - ./rma/test1_dt 2
ok 436 - ./rma/nullpscw 7
ok 437 - ./rma/nullpscw_shm 7
ok 438 - ./rma/attrorderwin 1
ok 439 - ./rma/wincall 2
ok 440 - ./rma/baseattrwin 1
ok 441 - ./rma/fkeyvalwin 1
ok 442 - ./rma/selfrma 1
ok 443 - ./rma/mixedsync 4
ok 444 - ./rma/epochtest 4
ok 445 - ./rma/locknull 2
ok 446 - ./rma/rmanull 2
ok 447 - ./rma/rmazero 2
ok 448 - ./rma/strided_acc_indexed 2
ok 449 - ./rma/strided_acc_onelock 2
ok 450 - ./rma/strided_acc_subarray 2
ok 451 - ./rma/strided_get_indexed 2
ok 452 - ./rma/strided_putget_indexed 4
ok 453 - ./rma/strided_putget_indexed_shared 4
ok 454 - ./rma/strided_getacc_indexed 4
ok 455 - ./rma/strided_getacc_indexed_shared 4
ok 456 - ./rma/window_creation 2
ok 457 - ./rma/contention_put 4
ok 458 - ./rma/contention_putget 4
ok 459 - ./rma/put_base 2
ok 460 - ./rma/put_bottom 2
ok 461 - ./rma/win_flavors 4
ok 462 - ./rma/win_flavors 3
ok 463 - ./rma/manyrma2 2
ok 464 - ./rma/manyrma2_shm 2
ok 465 - ./rma/manyrma3 2
ok 466 - ./rma/win_shared 4
ok 467 - ./rma/win_shared_create_allocshm 4
ok 468 - ./rma/win_shared_create_no_allocshm 4
ok 469 - ./rma/win_shared_noncontig 4
ok 470 - ./rma/win_shared_noncontig_put 4
ok 471 - ./rma/win_zero 4
ok 472 - ./rma/win_dynamic_acc 4
ok 473 - ./rma/get_acc_local 1
ok 474 - ./rma/linked_list 4
ok 475 - ./rma/linked_list_fop 4
ok 476 - ./rma/compare_and_swap 4
ok 477 - ./rma/fetch_and_op_char 4
ok 478 - ./rma/fetch_and_op_short 4
ok 479 - ./rma/fetch_and_op_int 4
ok 480 - ./rma/fetch_and_op_long 4
ok 481 - ./rma/fetch_and_op_double 4
ok 482 - ./rma/fetch_and_op_long_double 4
ok 483 - ./rma/get_accumulate_double 4
ok 484 - ./rma/get_accumulate_double_derived 4
ok 485 - ./rma/get_accumulate_int 4
ok 486 - ./rma/get_accumulate_int_derived 4
ok 487 - ./rma/get_accumulate_long 4
ok 488 - ./rma/get_accumulate_long_derived 4
ok 489 - ./rma/get_accumulate_short 4
ok 490 - ./rma/get_accumulate_short_derived 4
ok 491 - ./rma/flush 4
ok 492 - ./rma/reqops 4
ok 493 - ./rma/req_example 4
ok 494 - ./rma/req_example_shm 4
ok 495 - ./rma/rput_local_comp 2
ok 496 - ./rma/racc_local_comp 2
ok 497 - ./rma/linked_list_lockall 4
ok 498 - ./rma/pscw_ordering 4
ok 499 - ./rma/pscw_ordering_shm 4
ok 500 - ./rma/linked_list_bench_lock_all 4
ok 501 - ./rma/linked_list_bench_lock_excl 4
ok 502 - ./rma/linked_list_bench_lock_shr 4
ok 503 - ./rma/linked_list_bench_lock_shr_nocheck 4
ok 504 - ./rma/mutex_bench 4
ok 505 - ./rma/mutex_bench_shared 4
ok 506 - ./rma/mutex_bench_shm 4
ok 507 - ./rma/mutex_bench_shm_ordered 4
ok 508 - ./rma/rma-contig 2
ok 509 - ./rma/badrma 2
ok 510 - ./rma/acc-loc 4
ok 511 - ./rma/fence_shm 2
ok 512 - ./rma/win_shared_zerobyte 4
ok 513 - ./rma/win_shared_put_flush_get 4
ok 514 - ./rma/get-struct 2
ok 515 - ./rma/at_complete 2
ok 516 - ./rma/atomic_rmw_fop 3
ok 517 - ./rma/atomic_rmw_cas 3
ok 518 - ./rma/atomic_rmw_gacc 3
ok 519 - ./rma/atomic_get 3
ok 520 - ./rma/aint 2
ok 521 - ./rma/acc-pairtype 2
ok 522 - ./rma/manyget 2
ok 523 - ./rma/derived-acc-flush_local 3
ok 524 - ./rma/large-small-acc 2
ok 525 - ./rma/win_shared_put_flush_load 3
ok 526 - ./rma/win_shared_acc_flush_load 3
ok 527 - ./rma/win_shared_gacc_flush_load 3
ok 528 - ./rma/win_shared_fop_flush_load 3
ok 529 - ./rma/win_shared_cas_flush_load 3
ok 530 - ./rma/put_flush_get 3
ok 531 - ./rma/acc_flush_get 3
ok 532 - ./rma/gacc_flush_get 3
ok 533 - ./rma/fop_flush_get 3
ok 534 - ./rma/cas_flush_get 3
ok 535 - ./spawn/namepub 2
ok 536 - ./spawn/spawn1 1
ok 537 - ./spawn/spawn2 1
ok 538 - ./spawn/spawninfo1 1
ok 539 - ./spawn/spawnminfo1 1
ok 540 - ./spawn/spawnintra 1
ok 541 - ./spawn/spawnintra 2
ok 542 - ./spawn/spawnargv 1
ok 543 - ./spawn/spawnmanyarg 1
ok 544 - ./spawn/spawnmult2 2
ok 545 - ./spawn/spaconacc 1
ok 546 - ./spawn/spaconacc2 1
ok 547 - ./spawn/selfconacc 2
ok 548 - ./spawn/spaiccreate 2
ok 549 - ./spawn/taskmaster 1
ok 550 - ./spawn/taskmaster 2
ok 551 - ./spawn/join 2
ok 552 - ./spawn/disconnect_reconnect 3
ok 553 - ./spawn/disconnect_reconnect2 3
ok 554 - ./spawn/disconnect_reconnect3 3
ok 555 - ./spawn/multiple_ports 3
ok 556 - ./spawn/multiple_ports2 4
ok 557 - ./spawn/disconnect 3
ok 558 - ./spawn/disconnect2 3
ok 559 - ./spawn/disconnect3 3
ok 560 - ./spawn/concurrent_spawns 1
ok 561 - ./spawn/pgroup_connect_test 4
ok 562 - ./spawn/pgroup_intercomm_test 4
ok 567 - ./spawn/spawn-rootargs 10  # SKIP xfail tests disabled
ok 563 - ./topo/cartmap1 4
ok 564 - ./topo/cartzero 4
ok 565 - ./topo/cartshift1 4
ok 566 - ./topo/cartsuball 4
ok 567 - ./topo/cartcreates 4
ok 568 - ./topo/dims1 4
ok 569 - ./topo/dims2 1
ok 570 - ./topo/dims3 1
ok 571 - ./topo/dims4 1
ok 572 - ./topo/graphmap1 4
ok 573 - ./topo/topotest 4
ok 574 - ./topo/topodup 4
ok 575 - ./topo/graphcr 4
ok 576 - ./topo/graphcr2 4
ok 577 - ./topo/distgraph1 4
ok 578 - ./topo/dgraph_unwgt 4
ok 579 - ./topo/neighb_coll 4
ok 580 - ./io/rdwrord 4
ok 581 - ./io/rdwrzero 4
ok 582 - ./io/getextent 2
ok 583 - ./io/setinfo 4
ok 584 - ./io/setviewcur 4
ok 585 - ./io/i_noncontig 2
ok 586 - ./io/async 4
ok 587 - ./io/async_any 4
ok 588 - ./io/userioerr 1
ok 589 - ./io/resized 1
ok 590 - ./io/resized2 1
ok 591 - ./io/bigtype 1
ok 592 - ./io/hindexed_io 1
ok 593 - ./io/simple_collective 1
ok 594 - ./io/i_bigtype 1
ok 595 - ./io/i_hindexed_io 1
ok 596 - ./io/i_rdwrord 4
ok 597 - ./io/i_setviewcur 4
ok 598 - ./io/i_aggregation1 4
ok 599 - ./io/i_aggregation2 4
ok 600 - ./io/i_coll_test 4
ok 601 - ./io/i_darray_read 4
ok 602 - ./io/i_hindexed 4
ok 603 - ./io/i_noncontig_coll 2
ok 604 - ./io/i_noncontig_coll2 4
ok 605 - ./io/i_types_with_zeros 2
ok 606 - ./f77/attr/attrmpi1f 1
ok 607 - ./f77/attr/baseattrf 1
ok 608 - ./f77/attr/baseattr2f 1
ok 609 - ./f77/attr/commattrf 1
ok 610 - ./f77/attr/commattr2f 1
ok 611 - ./f77/attr/commattr3f 1
ok 612 - ./f77/attr/commattr4f 1
ok 613 - ./f77/attr/typeattrf 1
ok 614 - ./f77/attr/typeattr2f 1
ok 615 - ./f77/attr/typeattr3f 1
ok 616 - ./f77/coll/uallreducef 4
ok 617 - ./f77/coll/exscanf 5
ok 618 - ./f77/coll/alltoallwf 7
ok 619 - ./f77/coll/alltoallvf 7
ok 620 - ./f77/coll/inplacef 4
ok 621 - ./f77/coll/reducelocalf 2
ok 622 - ./f77/coll/redscatf 4
ok 623 - ./f77/coll/split_typef 4
ok 624 - ./f77/coll/nonblockingf 4
ok 625 - ./f77/coll/vw_inplacef 4
ok 626 - ./f77/coll/red_scat_blockf 4
ok 627 - ./f77/coll/nonblocking_inpf 4
ok 628 - ./f77/datatype/typenamef 1
ok 629 - ./f77/datatype/typename3f 1
ok 630 - ./f77/datatype/typesnamef 1
ok 631 - ./f77/datatype/typecntsf 1
ok 632 - ./f77/datatype/typem2f 1
ok 633 - ./f77/datatype/typesubf 1
ok 634 - ./f77/datatype/packef 1
ok 635 - ./f77/datatype/gaddressf 1
ok 636 - ./f77/datatype/allctypesf 1
ok 637 - ./f77/datatype/hindex1f 1
ok 638 - ./f77/datatype/hindexed_blockf 1
ok 639 - ./f77/datatype/bottom 2
ok 640 - ./f77/pt2pt/statusesf 1
ok 641 - ./f77/pt2pt/greqf 1
ok 642 - ./f77/pt2pt/allpairf 2
ok 643 - ./f77/pt2pt/mprobef 2
ok 644 - ./f77/info/infotestf 1
ok 645 - ./f77/info/infotest2f 1
ok 646 - ./f77/spawn/namepubf 2
ok 647 - ./f77/spawn/spawnf 1
ok 648 - ./f77/spawn/spawnargvf 1
ok 649 - ./f77/spawn/connaccf 2
ok 650 - ./f77/spawn/spawnmultf 1
ok 651 - ./f77/spawn/spawnmult2f 2
ok 652 - ./f77/io/iwriteatf 4
ok 653 - ./f77/io/iwritef 4
ok 654 - ./f77/io/iwriteshf 4
ok 655 - ./f77/io/writef 4
ok 656 - ./f77/io/writeatf 4
ok 657 - ./f77/io/writeallf 4
ok 658 - ./f77/io/writeshf 4
ok 659 - ./f77/io/writeordf 4
ok 660 - ./f77/io/writeatallf 4
ok 661 - ./f77/io/writeatallbef 4
ok 662 - ./f77/io/writeallbef 4
ok 663 - ./f77/io/writeordbef 4
ok 664 - ./f77/io/fileerrf 1
ok 665 - ./f77/io/fileinfof 3
ok 666 - ./f77/io/shpositionf 4
ok 667 - ./f77/io/atomicityf 8
ok 668 - ./f77/io/miscfilef 4
ok 669 - ./f77/io/setviewcurf 4
ok 670 - ./f77/io/c2f2ciof 1
ok 671 - ./f77/io/c2fmultio 1
ok 672 - ./f77/io/i_setviewcurf 4
ok 673 - ./f77/io/iwriteatallf 4
ok 674 - ./f77/rma/winscale1f 4
ok 675 - ./f77/rma/winfencef 4
ok 676 - ./f77/rma/wingetf 5
ok 677 - ./f77/rma/winscale2f 4
ok 678 - ./f77/rma/winerrf 1
ok 679 - ./f77/rma/winnamef 1
ok 680 - ./f77/rma/wingroupf 4
ok 681 - ./f77/rma/winaccf 4
ok 682 - ./f77/rma/c2f2cwinf 1
ok 683 - ./f77/rma/baseattrwinf 1
ok 684 - ./f77/rma/winattrf 1
ok 685 - ./f77/rma/winattr2f 1
ok 686 - ./f77/rma/aintf 2
ok 687 - ./f77/init/baseenvf 1
ok 688 - ./f77/comm/commnamef 2
ok 689 - ./f77/comm/commerrf 2
ok 690 - ./f77/ext/c2f2cf 1
ok 691 - ./f77/ext/c2fmult 1
ok 692 - ./f77/ext/ctypesinf 1
ok 693 - ./f77/ext/allocmemf 1
ok 694 - ./f77/topo/cartcrf 4
ok 695 - ./f77/topo/dgraph_wgtf 4
ok 696 - ./f77/topo/dgraph_unwgtf 4
ok 697 - ./f77/profile/profile1f 2
ok 698 - ./cxx/attr/attrtx 2
ok 699 - ./cxx/attr/attricx 4
ok 700 - ./cxx/attr/baseattrcommx 1
ok 701 - ./cxx/attr/fkeyvalcommx 1
ok 702 - ./cxx/attr/fkeyvaltypex 1
ok 703 - ./cxx/pt2pt/bsend1cxx 2
ok 704 - ./cxx/pt2pt/sendrecvx 2
ok 705 - ./cxx/comm/commname2 4
ok 706 - ./cxx/coll/arcomplex 4
ok 707 - ./cxx/coll/uallredx 5
ok 708 - ./cxx/coll/uallreduce 5
ok 709 - ./cxx/coll/ureduce 5
ok 710 - ./cxx/coll/ureducelocal 5
ok 711 - ./cxx/coll/uscan 5
ok 712 - ./cxx/coll/uexscan 5
ok 713 - ./cxx/coll/alltoallw2x 10
ok 714 - ./cxx/coll/icbcastx 4
ok 715 - ./cxx/coll/icbcastx 10
ok 716 - ./cxx/coll/icallreducex 5
ok 717 - ./cxx/coll/icreducex 5
ok 718 - ./cxx/coll/icscatterx 5
ok 719 - ./cxx/coll/icgatherx 5
ok 720 - ./cxx/coll/icallgatherx 5
ok 721 - ./cxx/coll/icbarrierx 5
ok 722 - ./cxx/coll/icallgathervx 5
ok 723 - ./cxx/coll/icgathervx 5
ok 724 - ./cxx/coll/icscattervx 5
ok 725 - ./cxx/coll/icalltoallx 5
ok 726 - ./cxx/coll/reduceboolx 5
ok 727 - ./cxx/coll/redscatblk 4
ok 728 - ./cxx/errhan/commcallx 2
ok 729 - ./cxx/init/baseenv 1
ok 730 - ./cxx/init/initstatx 1
ok 731 - ./cxx/init/initstat2x 1
ok 732 - ./cxx/info/infodupx 1
ok 733 - ./cxx/info/infodelx 1
ok 734 - ./cxx/info/infovallenx 1
ok 735 - ./cxx/info/infoorderx 1
ok 736 - ./cxx/datatype/packsizex 1
ok 737 - ./cxx/datatype/typecntsx 1
ok 738 - ./cxx/datatype/typenamex 1
ok 739 - ./cxx/datatype/typemiscx 1
ok 740 - ./cxx/io/iwriteatx 4
ok 741 - ./cxx/io/iwritex 4
ok 742 - ./cxx/io/iwriteshx 4
ok 743 - ./cxx/io/writex 4
ok 744 - ./cxx/io/writeatx 4
ok 745 - ./cxx/io/writeallx 4
ok 746 - ./cxx/io/writeshx 4
ok 747 - ./cxx/io/writeordx 4
ok 748 - ./cxx/io/writeatallx 4
ok 749 - ./cxx/io/writeatallbex 4
ok 750 - ./cxx/io/writeallbex 4
ok 751 - ./cxx/io/writeordbex 4
ok 752 - ./cxx/io/iwriteatnosx 4
ok 753 - ./cxx/io/iwritenosx 4
ok 754 - ./cxx/io/iwriteshnosx 4
ok 755 - ./cxx/io/writenosx 4
ok 756 - ./cxx/io/writeatnosx 4
ok 757 - ./cxx/io/writeallnosx 4
ok 758 - ./cxx/io/writeshnosx 4
ok 759 - ./cxx/io/writeordnosx 4
ok 760 - ./cxx/io/writeatallnosx 4
ok 761 - ./cxx/io/writeatallbenosx 4
ok 762 - ./cxx/io/writeallbenosx 4
ok 763 - ./cxx/io/writeordbenosx 4
ok 764 - ./cxx/io/fileerrx 1
ok 765 - ./cxx/io/fileinfox 3
ok 766 - ./cxx/io/filemiscx 4
ok 767 - ./cxx/io/shpositionx 4
ok 768 - ./cxx/io/seekavail 1
ok 769 - ./cxx/spawn/namepubx 2
ok 770 - ./cxx/spawn/spawnintrax 1
ok 771 - ./cxx/spawn/spawnintrax 2
ok 772 - ./cxx/spawn/spawnargvx 1
ok 773 - ./cxx/spawn/selfconaccx 2
ok 774 - ./cxx/rma/winnamex 1
ok 775 - ./cxx/rma/wincallx 1
ok 776 - ./cxx/rma/getgroupx 4
ok 777 - ./cxx/rma/winfencex 4
ok 778 - ./cxx/rma/winscale1x 4
ok 779 - ./cxx/rma/winscale2x 4
ok 780 - ./cxx/rma/fkeyvalwinx 1
ok 781 - ./f90/attr/attrmpi1f90 1
ok 782 - ./f90/attr/baseattrf90 1
ok 783 - ./f90/attr/baseattr2f90 1
ok 784 - ./f90/attr/commattrf90 1
ok 785 - ./f90/attr/commattr2f90 1
ok 786 - ./f90/attr/commattr3f90 1
ok 787 - ./f90/attr/commattr4f90 1
ok 788 - ./f90/attr/typeattrf90 1
ok 789 - ./f90/attr/typeattr2f90 1
ok 790 - ./f90/attr/typeattr3f90 1
ok 791 - ./f90/attr/fandcattrf90 1
ok 792 - ./f90/attr/baseattr3f90 1
ok 793 - ./f90/attr/attrlangf90 1
ok 794 - ./f90/coll/uallreducef90 4
ok 795 - ./f90/coll/exscanf90 5
ok 796 - ./f90/coll/alltoallwf90 7
ok 797 - ./f90/coll/alltoallvf90 7
ok 798 - ./f90/coll/inplacef90 4
ok 799 - ./f90/coll/reducelocalf90 2
ok 800 - ./f90/coll/redscatf90 4
ok 801 - ./f90/coll/split_typef90 4
ok 802 - ./f90/coll/nonblockingf90 4
ok 803 - ./f90/coll/vw_inplacef90 4
ok 804 - ./f90/coll/red_scat_blockf90 4
ok 805 - ./f90/coll/nonblocking_inpf90 4
ok 806 - ./f90/comm/commnamef90 2
ok 807 - ./f90/comm/commerrf90 2
ok 808 - ./f90/ext/c2f2cf90 1
ok 809 - ./f90/ext/c2f90mult 1
ok 810 - ./f90/ext/ctypesinf90 1
ok 811 - ./f90/ext/allocmemf90 1
ok 812 - ./f90/info/infotestf90 1
ok 813 - ./f90/info/infotest2f90 1
ok 814 - ./f90/init/baseenvf90 1
ok 815 - ./f90/io/iwriteatf90 4
ok 816 - ./f90/io/iwritef90 4
ok 817 - ./f90/io/iwriteshf90 4
ok 818 - ./f90/io/writef90 4
ok 819 - ./f90/io/writeatf90 4
ok 820 - ./f90/io/writeallf90 4
ok 821 - ./f90/io/writeshf90 4
ok 822 - ./f90/io/writeordf90 4
ok 823 - ./f90/io/writeatallf90 4
ok 824 - ./f90/io/writeatallbef90 4
ok 825 - ./f90/io/writeallbef90 4
ok 826 - ./f90/io/writeordbef90 4
ok 827 - ./f90/io/fileerrf90 1
ok 828 - ./f90/io/fileinfof90 3
ok 829 - ./f90/io/shpositionf90 4
ok 830 - ./f90/io/atomicityf90 8
ok 831 - ./f90/io/miscfilef90 4
ok 832 - ./f90/io/setviewcurf90 4
ok 833 - ./f90/io/c2f2ciof90 1
ok 834 - ./f90/io/c2f90multio 1
ok 835 - ./f90/io/i_setviewcurf90 4
ok 836 - ./f90/io/iwriteatallf90 4
ok 837 - ./f90/misc/sizeof2 1
ok 838 - ./f90/pt2pt/statusesf90 1
ok 839 - ./f90/pt2pt/greqf90 1
ok 840 - ./f90/pt2pt/allpairf90 2
ok 841 - ./f90/pt2pt/mprobef90 2
ok 842 - ./f90/datatype/typenamef90 1
ok 843 - ./f90/datatype/typename3f90 1
ok 844 - ./f90/datatype/typesnamef90 1
ok 845 - ./f90/datatype/typecntsf90 1
ok 846 - ./f90/datatype/typem2f90 1
ok 847 - ./f90/datatype/typesubf90 1
ok 848 - ./f90/datatype/packef90 1
ok 849 - ./f90/datatype/gaddressf90 1
ok 850 - ./f90/datatype/allctypesf90 1
ok 851 - ./f90/datatype/hindex1f90 1
ok 852 - ./f90/datatype/hindexed_blockf90 1
ok 853 - ./f90/datatype/bottom 2
ok 854 - ./f90/datatype/structf 2
ok 855 - ./f90/datatype/indtype 2
ok 856 - ./f90/datatype/createf90 1
ok 857 - ./f90/datatype/sizeof 1
ok 858 - ./f90/datatype/kinds 2
ok 859 - ./f90/datatype/trf90 1
ok 860 - ./f90/datatype/get_elem_d 2
ok 861 - ./f90/datatype/get_elem_u 2
ok 862 - ./f90/f90types/createf90types 1
ok 863 - ./f90/f90types/createf90types 1
ok 864 - ./f90/rma/winscale1f90 4
ok 865 - ./f90/rma/winfencef90 4
ok 866 - ./f90/rma/wingetf90 5
ok 867 - ./f90/rma/winscale2f90 4
ok 868 - ./f90/rma/winerrf90 1
ok 869 - ./f90/rma/winnamef90 1
ok 870 - ./f90/rma/wingroupf90 4
ok 871 - ./f90/rma/winaccf90 4
ok 872 - ./f90/rma/c2f2cwinf90 1
ok 873 - ./f90/rma/baseattrwinf90 1
ok 874 - ./f90/rma/winattrf90 1
ok 875 - ./f90/rma/winattr2f90 1
ok 876 - ./f90/rma/aintf90 2
ok 877 - ./f90/spawn/namepubf90 2
ok 878 - ./f90/spawn/spawnf90 1
ok 879 - ./f90/spawn/spawnargvf90 1
ok 880 - ./f90/spawn/connaccf90 2
ok 881 - ./f90/spawn/spawnmultf90 1
ok 882 - ./f90/spawn/spawnmult2f90 2
ok 883 - ./f90/spawn/spawnargvf03 1
ok 884 - ./f90/spawn/spawnmultf03 1
ok 885 - ./f90/timer/wtimef90 1
ok 886 - ./f90/topo/cartcrf90 4
ok 887 - ./f90/topo/dgraph_wgtf90 4
ok 888 - ./f90/topo/dgraph_unwgtf90 4
ok 889 - ./f90/profile/profile1f90 2
ok 890 - ./errors/attr/keyvalmis 1
ok 891 - ./errors/coll/noalias 2
ok 897 - ./errors/coll/nb_noalias 2  # SKIP xfail tests disabled
ok 892 - ./errors/coll/noalias2 4
ok 893 - ./errors/coll/noalias3 4
ok 894 - ./errors/coll/rerr 2
ok 895 - ./errors/coll/nb_rerr 2
ok 896 - ./errors/coll/reduce_local 1
ok 903 - ./errors/coll/ibcastlength 4  # SKIP xfail tests disabled
ok 897 - ./errors/comm/cfree 4
ok 898 - ./errors/comm/ccreate1 8
ok 899 - ./errors/comm/userdup 4
ok 900 - ./errors/comm/manysplit 4
ok 901 - ./errors/comm/too_many_comms 4
ok 902 - ./errors/comm/too_many_icomms 4
ok 903 - ./errors/comm/too_many_comms2 4
ok 904 - ./errors/comm/too_many_comms3 4
ok 905 - ./errors/comm/too_many_icomms2 4
ok 906 - ./errors/group/gerr 1
ok 907 - ./errors/pt2pt/proberank 1
ok 908 - ./errors/pt2pt/truncmsg1 2
ok 909 - ./errors/pt2pt/truncmsg2 2
ok 910 - ./errors/pt2pt/errinstatts 2
ok 911 - ./errors/pt2pt/errinstatta 2
ok 912 - ./errors/pt2pt/errinstatws 2
ok 913 - ./errors/pt2pt/errinstatwa 2
ok 914 - ./errors/topo/cartsmall 4
ok 915 - ./errors/rma/winerr 2
ok 916 - ./errors/rma/winerr2 2
ok 917 - ./errors/rma/cas_type_check 2
ok 918 - ./errors/rma/win_sync_unlock 2
ok 919 - ./errors/rma/win_sync_free_pt 2
ok 920 - ./errors/rma/win_sync_free_at 2
ok 921 - ./errors/rma/win_sync_complete 2
ok 922 - ./errors/rma/win_sync_lock_at 2
ok 923 - ./errors/rma/win_sync_lock_pt 2
ok 924 - ./errors/rma/win_sync_lock_fence 2
ok 925 - ./errors/rma/win_sync_nested 2
ok 926 - ./errors/rma/win_sync_op 2
ok 927 - ./errors/spawn/badport 2
ok 928 - ./errors/spawn/unpub 1
ok 929 - ./errors/spawn/lookup_name 1
ok 930 - ./errors/io/fileerrret 1
ok 931 - ./errors/io/openerr 1
ok 932 - ./errors/io/file_errhdl 1
ok 933 - ./errors/f77/io/uerrhandf 1
ok 934 - ./errors/cxx/errhan/errgetx 1
ok 935 - ./errors/cxx/errhan/errsetx 1
ok 936 - ./errors/cxx/errhan/throwtest 1
ok 937 - ./errors/cxx/errhan/commerrx 2
ok 938 - ./errors/cxx/io/fileerrretx 1
ok 939 - ./errors/cxx/io/errgetfilex 1
ok 940 - ./errors/cxx/io/throwtestfilex 1
ok 941 - ./errors/f90/io/uerrhandf90 1
1..948
